 zsb

 Timestamp is 5db9629e (Wed Oct 30 06:14:54 2019)

 Preferred load address is 00400000

 Start         Length     Name                   Class
 0001:00000000 00005050H .text$mn                CODE
 0001:00005050 00001e41H code                    CODE
 0002:00000000 00000140H .idata$5                DATA
 0002:00000140 0002e1ecH .rdata                  DATA
 0002:0002e32c 00000000H .edata                  DATA
 0002:0002e32c 000000fcH .rdata$zzzdbg           DATA
 0002:0002e428 000000a0H .idata$2                DATA
 0002:0002e4c8 00000014H .idata$3                DATA
 0002:0002e4dc 0000013cH .idata$4                DATA
 0002:0002e618 00000574H .idata$6                DATA
 0003:00000000 00000060H .data                   DATA
 0003:00000060 00001404H .bss                    DATA
 0004:00000000 00000220H .rsrc$01                DATA
 0004:00000220 000040f8H .rsrc$02                DATA

  Address         Publics by Value              Rva+Base       Lib:Object

 0000:00000000       ___guard_longjmp_count     00000000     <absolute>
 0000:00000000       ___guard_iat_table         00000000     <absolute>
 0000:00000000       ___guard_iat_count         00000000     <absolute>
 0000:00000000       ___guard_flags             00000000     <absolute>
 0000:00000000       ___guard_fids_count        00000000     <absolute>
 0000:00000000       ___guard_fids_table        00000000     <absolute>
 0000:00000000       ___guard_longjmp_table     00000000     <absolute>
 0000:00000000       ___dynamic_value_reloc_table 00000000     <absolute>
 0001:00000030       ?_run@BuildBot@@YI_NPAUHWND__@@0PAUCFGDATA@Config0@@PA_W@Z 00401030 f   buildbot.obj
 0001:0000072b       ?__GetArgsA@@YIKPAD0PAPAPADPAPADK@Z 0040172b f   buildconfig.obj
 0001:00001015       ?webFake2Binary@@YIPAUHEADER@HttpInject@@PAU_VAR@Config0@@@Z 00402015 f   buildconfig.obj
 0001:000013f9       ?_run@BuildConfig@@YI_NPAUHWND__@@0PAUCFGDATA@Config0@@PA_W@Z 004023f9 f   buildconfig.obj
 0001:000018e2       ?init@Languages@@YIXXZ     004028e2 f   languages.obj
 0001:0000195b       ?get@Languages@@YIPA_WK@Z  0040295b f   languages.obj
 0001:00001973       ?setDefaultLangId@Languages@@YI_NG@Z 00402973 f   languages.obj
 0001:00001b41       ?toolBuilderProc@@YGHPAUHWND__@@IIJ@Z 00402b41 f   builder.obj
 0001:00001dd0       ?writeOutput@@YAXPAUHWND__@@PA_WZZ 00402dd0 f   tools.obj
 0001:00001e52       ?writeOutputError@@YAXPAUHWND__@@PA_WZZ 00402e52 f   tools.obj
 0001:00001e8c       ?closeThreadIfFinsinhed@@YIXPAPAX@Z 00402e8c f   tools.obj
 0001:00001eaf       ?reallocEx@Mem@@YI_NPAXK@Z 00402eaf f   common.obj
 0001:00001ed5       ?realloc@Mem@@YIPAXPAXK@Z  00402ed5 f   common.obj
 0001:00001f03       ?alloc@Mem@@YIPAXK@Z       00402f03 f   common.obj
 0001:00001f16       ?free@Mem@@YIXPAX@Z        00402f16 f   common.obj
 0001:00001f2a       ?freeArrayOfPointers@Mem@@YIXPAXK@Z 00402f2a f   common.obj
 0001:00001f51       ?_copy@Mem@@YGXPAXPBXK@Z   00402f51 f   common.obj
 0001:00001f68       ?_set@Mem@@YGXPAXDK@Z      00402f68 f   common.obj
 0001:00002116       ?_CopyW@Str@@YIXPA_WPB_WH@Z 00403116 f   common.obj
 0001:00002141       ?_CopyExA@Str@@YIPADPADH@Z 00403141 f   common.obj
 0001:00002176       ?_ToInt32A@Str@@YIHPADPA_N@Z 00403176 f   common.obj
 0001:000021ff       ?_getArgumentsA@Str@@YIKQADKPAPAPADK@Z 004031ff f   common.obj
 0001:000022d7       ?_LengthA@Str@@YIHPBD@Z    004032d7 f   common.obj
 0001:000022e9       ?_LengthW@Str@@YIHPB_W@Z   004032e9 f   common.obj
 0001:000022fe       ?_sprintfW@Str@@YAHPA_WHPB_WZZ 004032fe f   common.obj
 0001:00002350       ?_sprintfExW@Str@@YAHPAPA_WPB_WZZ 00403350 f   common.obj
 0001:00002363       ?_vsprintfExW@Str@@YIHPAPA_WPB_WPAD@Z 00403363 f   common.obj
 0001:0000239a       ?_utf8Free@Str@@YIXPAUUTF8STRING@1@@Z 0040339a f   common.obj
 0001:000023b0       ?_utf8FromUnicode@Str@@YI_NQA_WHPAUUTF8STRING@1@@Z 004033b0 f   common.obj
 0001:000023ec       ?_utf8FromAnsi@Str@@YI_NQADHPAUUTF8STRING@1@@Z 004033ec f   common.obj
 0001:00002c4b       ?_Compress@UCL@@YIHPAEK0PAKPAUPROGRESS_CALLBACK@1@K@Z 00403c4b f   common.obj
 0001:00002ffc       ?genrand_int32@@YIKXZ      00403ffc f   common.obj
 0001:000030f7       ?_md5Hash@Crypt@@YI_NPAEPAXK@Z 004040f7 f   common.obj
 0001:0000319f       ?mtRand@Crypt@@YIKXZ       0040419f f   common.obj
 0001:000031e8       ?mtRandRange@Crypt@@YIKKK@Z 004041e8 f   common.obj
 0001:00003209       ?crc32Hash@Crypt@@YIKPBXK@Z 00404209 f   common.obj
 0001:00003272       ?_rc4Init@Crypt@@YIXPBXGPAURC4KEY@1@@Z 00404272 f   common.obj
 0001:000032f0       ?_rc4@Crypt@@YIXPAXKPAURC4KEY@1@@Z 004042f0 f   common.obj
 0001:0000335e       ?_generateBinaryData@Crypt@@YIXPAXKEE_N@Z 0040435e f   common.obj
 0001:00003387       ?_saveToFile@Fs@@YI_NQA_WPBXK@Z 00404387 f   common.obj
 0001:000033ef       ?_fileToMem@Fs@@YI_NPA_WPAUMEMFILE@1@K@Z 004043ef f   common.obj
 0001:0000348e       ?_closeMemFile@Fs@@YIXPAUMEMFILE@1@@Z 0040448e f   common.obj
 0001:000034b6       ?_removeFile@Fs@@YI_NPA_W@Z 004044b6 f   common.obj
 0001:000034d3       ?_pathCombine@Fs@@YI_NPA_WQA_W1@Z 004044d3 f   common.obj
 0001:00003502       ?_ParseFile@Config0@@YI_NPA_WPAUCFGDATA@1@@Z 00404502 f   common.obj
 0001:0000369f       ?_Close@Config0@@YIXPAUCFGDATA@1@@Z 0040469f f   common.obj
 0001:000036d0       ?_FreeVar@Config0@@YIXPAU_VAR@1@@Z 004046d0 f   common.obj
 0001:0000370c       ?_AddVar@Config0@@YIPAU_VAR@1@PAU21@PAUCFGDATA@1@PAPADE@Z 0040470c f   common.obj
 0001:0000376a       ?_GetVar@Config0@@YIPAU_VAR@1@PAU21@PAUCFGDATA@1@PAD2@Z 0040476a f   common.obj
 0001:000037ff       ?_getWindowText@Gui@@YIPA_WPAUHWND__@@PAK@Z 004047ff f   common.obj
 0001:00003854       ?_browseForFile@Gui@@YI_NPAUHWND__@@PA_W1@Z 00404854 f   common.obj
 0001:000038a4       ?_browseForSaveFile@Gui@@YI_NPAUHWND__@@PA_W111K@Z 004048a4 f   common.obj
 0001:0000390d       ?_getUserByProcessHandle@Process@@YIPAU_TOKEN_USER@@PAXPAK@Z 0040490d f   common.obj
 0001:0000396c       ?_getUserByToken@WinSecurity@@YIPAU_TOKEN_USER@@PAX@Z 0040496c f   common.obj
 0001:000039ce       ?_createFromMemory@PeImage@@YIPAXPAUPEDATA@1@PAXK_N@Z 004049ce f   common.obj
 0001:00003b85       ?_freeImage@PeImage@@YIXPAUPEDATA@1@@Z 00404b85 f   common.obj
 0001:00003bc1       ?_setDosHeader@PeImage@@YI_NPAUPEDATA@1@PAX@Z 00404bc1 f   common.obj
 0001:00003c12       ?_setNtHeaderFromNtHeader@PeImage@@YI_NPAUPEDATA@1@PAX@Z 00404c12 f   common.obj
 0001:00003c90       ?_addSection@PeImage@@YI_NPAUPEDATA@1@PADKPAXKKKKK@Z 00404c90 f   common.obj
 0001:00003ddb       ?_buildImage@PeImage@@YIKPAUPEDATA@1@KKPAPAE@Z 00404ddb f   common.obj
 0001:000041cc       ?_rvaToRsa@PeImage@@YIKPAUPEDATA@1@KPAG@Z 004051cc f   common.obj
 0001:0000422c       ?_isPeImage@PeImage@@YI_NPAXK@Z 0040522c f   common.obj
 0001:000042af       ?_getOsGuid@MalwareTools@@YI_NPAU_GUID@@@Z 004052af f   common.obj
 0001:0000434a       ?_generateKernelObjectName@MalwareTools@@YIXPAU_GUID@@KKPA_WPAURC4KEY@Crypt@@E@Z 0040534a f   common.obj
 0001:000043d0       ?_createEmpty@BinStorage@@YIPAUSTORAGE@1@XZ 004053d0 f   common.obj
 0001:000043ec       ?_addItem@BinStorage@@YI_NPAPAUSTORAGE@1@KKPAXK@Z 004053ec f   common.obj
 0001:000044af       ?_addItemAsUtf8StringA@BinStorage@@YI_NPAPAUSTORAGE@1@KKPAD@Z 004054af f   common.obj
 0001:000044fa       ?_getNextItem@BinStorage@@YIPAUITEM@1@PBUSTORAGE@1@PAU21@@Z 004054fa f   common.obj
 0001:00004535       ?_pack@BinStorage@@YIKPAPAUSTORAGE@1@KPAURC4KEY@Crypt@@@Z 00405535 f   common.obj
 0001:000046e2       ?_createOverlay@BaseOverlay@@YI_NPAXPBXGPBURC4KEY@Crypt@@@Z 004056e2 f   common.obj
 0001:00004756       ?_encryptFunction@BaseOverlay@@YIKPAEK@Z 00405756 f   common.obj
 0001:00004a59       ?toolInformationProc@@YGHPAUHWND__@@IIJ@Z 00405a59 f   info.obj
 0001:00004dd4       ?entryPoint@@YGXXZ         00405dd4 f   main.obj
 0001:00004eaf       ?toolSettingsProc@@YGHPAUHWND__@@IIJ@Z 00405eaf f   settings.obj
 0001:00005050       _LDE@8                     00406050     lde32:LDE64.obj
 0001:00005050       start                      00406050     lde32:LDE64.obj
 0002:00000000       __imp__CryptReleaseContext@8 00408000     advapi32:ADVAPI32.dll
 0002:00000004       __imp__GetTokenInformation@20 00408004     advapi32:ADVAPI32.dll
 0002:00000008       __imp__OpenProcessToken@12 00408008     advapi32:ADVAPI32.dll
 0002:0000000c       __imp__CryptDestroyHash@4  0040800c     advapi32:ADVAPI32.dll
 0002:00000010       __imp__CryptHashData@16    00408010     advapi32:ADVAPI32.dll
 0002:00000014       __imp__CryptCreateHash@20  00408014     advapi32:ADVAPI32.dll
 0002:00000018       __imp__CryptAcquireContextW@20 00408018     advapi32:ADVAPI32.dll
 0002:0000001c       __imp__GetLengthSid@4      0040801c     advapi32:ADVAPI32.dll
 0002:00000020       __imp__CryptGetHashParam@20 00408020     advapi32:ADVAPI32.dll
 0002:00000024       \177ADVAPI32_NULL_THUNK_DATA 00408024     advapi32:ADVAPI32.dll
 0002:00000028       __imp__InitCommonControlsEx@4 00408028     comctl32:COMCTL32.dll
 0002:0000002c       \177COMCTL32_NULL_THUNK_DATA 0040802c     comctl32:COMCTL32.dll
 0002:00000030       __imp__GetOpenFileNameW@4  00408030     comdlg32:COMDLG32.dll
 0002:00000034       __imp__GetSaveFileNameW@4  00408034     comdlg32:COMDLG32.dll
 0002:00000038       \177COMDLG32_NULL_THUNK_DATA 00408038     comdlg32:COMDLG32.dll
 0002:0000003c       __imp__MultiByteToWideChar@24 0040803c     kernel32:KERNEL32.dll
 0002:00000040       __imp__GetLastError@0      00408040     kernel32:KERNEL32.dll
 0002:00000044       __imp__DeleteFileW@4       00408044     kernel32:KERNEL32.dll
 0002:00000048       __imp__HeapReAlloc@16      00408048     kernel32:KERNEL32.dll
 0002:0000004c       __imp__HeapAlloc@12        0040804c     kernel32:KERNEL32.dll
 0002:00000050       __imp__GetProcessHeap@0    00408050     kernel32:KERNEL32.dll
 0002:00000054       __imp__SetFileAttributesW@8 00408054     kernel32:KERNEL32.dll
 0002:00000058       __imp__GetModuleHandleW@4  00408058     kernel32:KERNEL32.dll
 0002:0000005c       __imp__WideCharToMultiByte@32 0040805c     kernel32:KERNEL32.dll
 0002:00000060       __imp__IsBadReadPtr@8      00408060     kernel32:KERNEL32.dll
 0002:00000064       __imp__GetTickCount@0      00408064     kernel32:KERNEL32.dll
 0002:00000068       __imp__GetFileAttributesExW@12 00408068     kernel32:KERNEL32.dll
 0002:0000006c       __imp__GetModuleFileNameW@12 0040806c     kernel32:KERNEL32.dll
 0002:00000070       __imp__ExitProcess@4       00408070     kernel32:KERNEL32.dll
 0002:00000074       __imp__GetVolumeNameForVolumeMountPointW@12 00408074     kernel32:KERNEL32.dll
 0002:00000078       __imp__CreateFileW@28      00408078     kernel32:KERNEL32.dll
 0002:0000007c       __imp__VirtualAlloc@16     0040807c     kernel32:KERNEL32.dll
 0002:00000080       __imp__WriteFile@20        00408080     kernel32:KERNEL32.dll
 0002:00000084       __imp__VirtualFree@12      00408084     kernel32:KERNEL32.dll
 0002:00000088       __imp__HeapFree@12         00408088     kernel32:KERNEL32.dll
 0002:0000008c       __imp__GetFileSizeEx@8     0040808c     kernel32:KERNEL32.dll
 0002:00000090       __imp__ReadFile@20         00408090     kernel32:KERNEL32.dll
 0002:00000094       __imp__CloseHandle@4       00408094     kernel32:KERNEL32.dll
 0002:00000098       __imp__WaitForSingleObject@8 00408098     kernel32:KERNEL32.dll
 0002:0000009c       __imp__CreateThread@24     0040809c     kernel32:KERNEL32.dll
 0002:000000a0       __imp__GetUserDefaultUILanguage@0 004080a0     kernel32:KERNEL32.dll
 0002:000000a4       __imp__GetPrivateProfileIntW@16 004080a4     kernel32:KERNEL32.dll
 0002:000000a8       __imp__WritePrivateProfileStringW@16 004080a8     kernel32:KERNEL32.dll
 0002:000000ac       __imp__lstrcmpiA@8         004080ac     kernel32:KERNEL32.dll
 0002:000000b0       __imp__lstrcpyW@8          004080b0     kernel32:KERNEL32.dll
 0002:000000b4       \177KERNEL32_NULL_THUNK_DATA 004080b4     kernel32:KERNEL32.dll
 0002:000000b8       __imp__SHGetFolderPathW@20 004080b8     shell32:SHELL32.dll
 0002:000000bc       __imp__ShellExecuteW@24    004080bc     shell32:SHELL32.dll
 0002:000000c0       \177SHELL32_NULL_THUNK_DATA 004080c0     shell32:SHELL32.dll
 0002:000000c4       __imp__PathRemoveBackslashW@4 004080c4     shlwapi:SHLWAPI.dll
 0002:000000c8       __imp__wvnsprintfW@16      004080c8     shlwapi:SHLWAPI.dll
 0002:000000cc       __imp__PathAddBackslashW@4 004080cc     shlwapi:SHLWAPI.dll
 0002:000000d0       __imp__PathRemoveFileSpecW@4 004080d0     shlwapi:SHLWAPI.dll
 0002:000000d4       __imp__PathCombineW@12     004080d4     shlwapi:SHLWAPI.dll
 0002:000000d8       __imp__StrCmpNIA@12        004080d8     shlwapi:SHLWAPI.dll
 0002:000000dc       __imp__PathFindFileNameA@4 004080dc     shlwapi:SHLWAPI.dll
 0002:000000e0       \177SHLWAPI_NULL_THUNK_DATA 004080e0     shlwapi:SHLWAPI.dll
 0002:000000e4       __imp__DialogBoxParamW@20  004080e4     user32:USER32.dll
 0002:000000e8       __imp__ShowWindow@8        004080e8     user32:USER32.dll
 0002:000000ec       __imp__SetWindowTextW@8    004080ec     user32:USER32.dll
 0002:000000f0       __imp__EndDialog@8         004080f0     user32:USER32.dll
 0002:000000f4       __imp__DestroyWindow@4     004080f4     user32:USER32.dll
 0002:000000f8       __imp__CreateDialogParamW@20 004080f8     user32:USER32.dll
 0002:000000fc       __imp__LoadImageW@24       004080fc     user32:USER32.dll
 0002:00000100       __imp__GetWindowTextW@12   00408100     user32:USER32.dll
 0002:00000104       __imp__GetWindowTextLengthW@4 00408104     user32:USER32.dll
 0002:00000108       __imp__MessageBoxW@16      00408108     user32:USER32.dll
 0002:0000010c       __imp__SendMessageW@16     0040810c     user32:USER32.dll
 0002:00000110       __imp__SetDlgItemTextW@12  00408110     user32:USER32.dll
 0002:00000114       __imp__SendDlgItemMessageW@20 00408114     user32:USER32.dll
 0002:00000118       __imp__EnableWindow@8      00408118     user32:USER32.dll
 0002:0000011c       __imp__GetDlgItem@8        0040811c     user32:USER32.dll
 0002:00000120       __imp__SetWindowLongW@12   00408120     user32:USER32.dll
 0002:00000124       \177USER32_NULL_THUNK_DATA 00408124     user32:USER32.dll
 0002:00000128       __imp__CoUninitialize@0    00408128     ole32:ole32.dll
 0002:0000012c       __imp__StringFromGUID2@12  0040812c     ole32:ole32.dll
 0002:00000130       __imp__CoInitializeEx@8    00408130     ole32:ole32.dll
 0002:00000134       __imp__CLSIDFromString@8   00408134     ole32:ole32.dll
 0002:00000138       \177ole32_NULL_THUNK_DATA  00408138     ole32:ole32.dll
 0002:00000140       ??_C@_1DA@NAJFFMEE@?$AA1?$AA0?$AA?3?$AA1?$AA4?$AA?3?$AA4?$AA4?$AA?5?$AA3?$AA0?$AA?4?$AA1?$AA0?$AA?4?$AA2?$AA0?$AA1?$AA9?$AA?5?$AAG?$AAM?$AAT?$AA?$AA@ 00408140     buildbot.obj
 0002:00000170       ??_C@_0N@GKMGIMK@staticconfig?$AA@ 00408170     buildbot.obj
 0002:00000180       ??_C@_06FFPMLDME@botnet?$AA@ 00408180     buildbot.obj
 0002:00000188       ??_C@_1BE@DHDFEIEN@?$AAb?$AAo?$AAt?$AAn?$AAe?$AAt?$AA?$DN?$AA?$CF?$AAs?$AA?$AA@ 00408188     buildbot.obj
 0002:0000019c       ??_C@_0N@NHOJGAAP@timer_config?$AA@ 0040819c     buildbot.obj
 0002:000001ac       ??_C@_1DE@KDLIHMOG@?$AAt?$AAi?$AAm?$AAe?$AAr?$AA_?$AAc?$AAo?$AAn?$AAf?$AAi?$AAg?$AA?$DN?$AA?$CF?$AAu?$AAm?$AAi?$AAn?$AA?0?$AA?5?$AA?$CF?$AAu?$AAm?$AAi?$AAn?$AA?$AA@ 004081ac     buildbot.obj
 0002:000001e0       ??_C@_0L@DCHEHJFN@timer_logs?$AA@ 004081e0     buildbot.obj
 0002:000001ec       ??_C@_1DA@MPHILDOK@?$AAt?$AAi?$AAm?$AAe?$AAr?$AA_?$AAl?$AAo?$AAg?$AAs?$AA?$DN?$AA?$CF?$AAu?$AAm?$AAi?$AAn?$AA?0?$AA?5?$AA?$CF?$AAu?$AAm?$AAi?$AAn?$AA?$AA@ 004081ec     buildbot.obj
 0002:0000021c       ??_C@_0M@NEGOCMIB@timer_stats?$AA@ 0040821c     buildbot.obj
 0002:00000228       ??_C@_1DC@GDIJMMHN@?$AAt?$AAi?$AAm?$AAe?$AAr?$AA_?$AAs?$AAt?$AAa?$AAt?$AAs?$AA?$DN?$AA?$CF?$AAu?$AAm?$AAi?$AAn?$AA?0?$AA?5?$AA?$CF?$AAu?$AAm?$AAi?$AAn?$AA?$AA@ 00408228     buildbot.obj
 0002:0000025c       ??_C@_0L@MJOJPBBG@url_config?$AA@ 0040825c     buildbot.obj
 0002:00000268       ??_C@_1BM@FKGBFOLF@?$AAu?$AAr?$AAl?$AA_?$AAc?$AAo?$AAn?$AAf?$AAi?$AAg?$AA?$DN?$AA?$CF?$AAs?$AA?$AA@ 00408268     buildbot.obj
 0002:00000284       ??_C@_0N@KGDPGFNB@remove_certs?$AA@ 00408284     buildbot.obj
 0002:00000294       ??_C@_1CA@PCCHOKHM@?$AAr?$AAe?$AAm?$AAo?$AAv?$AAe?$AA_?$AAc?$AAe?$AAr?$AAt?$AAs?$AA?$DN?$AA?$CF?$AAu?$AA?$AA@ 00408294     buildbot.obj
 0002:000002b4       ??_C@_0BC@OEAEHMBA@disable_tcpserver?$AA@ 004082b4     buildbot.obj
 0002:000002c8       ??_C@_1CK@IKJOGNJM@?$AAd?$AAi?$AAs?$AAa?$AAb?$AAl?$AAe?$AA_?$AAt?$AAc?$AAp?$AAs?$AAe?$AAr?$AAv?$AAe?$AAr?$AA?$DN?$AA?$CF?$AAu?$AA?$AA@ 004082c8     buildbot.obj
 0002:000002f4       ??_C@_0P@NNNDAFMP@encryption_key?$AA@ 004082f4     buildbot.obj
 0002:00000304       ??_C@_1CE@CNALMPGA@?$AAe?$AAn?$AAc?$AAr?$AAy?$AAp?$AAt?$AAi?$AAo?$AAn?$AA_?$AAk?$AAe?$AAy?$AA?$DN?$AAO?$AAK?$AA?$AA@ 00408304     buildbot.obj
 0002:00000328       ??_C@_0O@EKNJJOCE@dynamicconfig?$AA@ 00408328     buildbot.obj
 0002:00000338       ??_C@_0L@CJFHMBNF@url_loader?$AA@ 00408338     buildbot.obj
 0002:00000344       ??_C@_1BA@HCLGIIDL@?$AAb?$AAo?$AAt?$AA?4?$AAe?$AAx?$AAe?$AA?$AA@ 00408344     buildbot.obj
 0002:0002c540       ??_C@_07IJKAAKFB@set_url?$AA@ 00434540     buildconfig.obj
 0002:0002c548       ??_C@_0O@BANOKHIN@data_before?$AN?6?$AA@ 00434548     buildconfig.obj
 0002:0002c558       ??_C@_0O@BMPPOCNM@data_inject?$AN?6?$AA@ 00434558     buildconfig.obj
 0002:0002c568       ??_C@_0N@FGEEJEJE@data_after?$AN?6?$AA@ 00434568     buildconfig.obj
 0002:0002c578       ??_C@_0L@BGILCDAN@data_end?$AN?6?$AA@ 00434578     buildconfig.obj
 0002:0002c584       ??_C@_1M@IEMJKJMB@?$AA?$CF?$AAu?$AA?$DN?$AA?$CF?$AAS?$AA?$AA@ 00434584     buildconfig.obj
 0002:0002c590       ??_C@_1BE@EKDGJGJ@?$AA?$CF?$AAS?$AA?$FL?$AA?$CF?$AAu?$AA?$FN?$AA?$DN?$AA?$CF?$AAS?$AA?$AA@ 00434590     buildconfig.obj
 0002:0002c5a4       ??_C@_1BM@CNMFCFBA@?$AAu?$AAr?$AAl?$AA_?$AAl?$AAo?$AAa?$AAd?$AAe?$AAr?$AA?$DN?$AA?$CF?$AAS?$AA?$AA@ 004345a4     buildconfig.obj
 0002:0002c5c0       ??_C@_0L@MEAKHMNC@url_server?$AA@ 004345c0     buildconfig.obj
 0002:0002c5cc       ??_C@_1BM@OLCKEJDG@?$AAu?$AAr?$AAl?$AA_?$AAs?$AAe?$AAr?$AAv?$AAe?$AAr?$AA?$DN?$AA?$CF?$AAS?$AA?$AA@ 004345cc     buildconfig.obj
 0002:0002c5e8       ??_C@_0BA@LLEBBLCN@advancedconfigs?$AA@ 004345e8     buildconfig.obj
 0002:0002c5f8       ??_C@_0L@CCGLNHGL@webfilters?$AA@ 004345f8     buildconfig.obj
 0002:0002c604       ??_C@_0P@PJEFLBGL@webdatafilters?$AA@ 00434604     buildconfig.obj
 0002:0002c614       ??_C@_08NFMAFHBI@webfakes?$AA@ 00434614     buildconfig.obj
 0002:0002c620       ??_C@_1CK@KAKEICLA@?$AAw?$AAe?$AAb?$AAf?$AAa?$AAk?$AAe?$AA?$FL?$AA?$CF?$AAu?$AA?$FN?$AA?$DN?$AA?$CF?$AAS?$AA?5?$AA?9?$AA?$DO?$AA?5?$AA?$CF?$AAS?$AA?$AA@ 00434620     buildconfig.obj
 0002:0002c64c       ??_C@_0BA@LGGIHLGK@file_webinjects?$AA@ 0043464c     buildconfig.obj
 0002:0002c65c       ??_C@_1CG@FHNAFLLG@?$AAf?$AAi?$AAl?$AAe?$AA_?$AAw?$AAe?$AAb?$AAi?$AAn?$AAj?$AAe?$AAc?$AAt?$AAs?$AA?$DN?$AA?$CF?$AAS?$AA?$AA@ 0043465c     buildconfig.obj
 0002:0002c684       ??_C@_1BG@KCMLFDDE@?$AAc?$AAo?$AAn?$AAf?$AAi?$AAg?$AA?4?$AAb?$AAi?$AAn?$AA?$AA@ 00434684     buildconfig.obj
 0002:0002c69c       ??_C@_1CE@DJJMJBFJ@?$AAN?$AAo?$AAt?$AA?5?$AAe?$AAn?$AAo?$AAu?$AAg?$AAh?$AA?5?$AAm?$AAe?$AAm?$AAo?$AAr?$AAy?$AA?$AA@ 0043469c     languages.obj
 0002:0002c6c0       ??_C@_1DK@DEGOPOBH@?$AAF?$AAa?$AAi?$AAl?$AAe?$AAd?$AA?5?$AAt?$AAo?$AA?5?$AAw?$AAr?$AAi?$AAt?$AAe?$AA?5?$AAo?$AAu?$AAt?$AAp?$AAu?$AAt?$AA?5?$AAf?$AAi?$AAl?$AAe?$AA?4?$AA?$AA@ 004346c0     languages.obj
 0002:0002c6fc       ??_C@_1BI@FOFDKLKI@?$AA?$AN?$AA?6?$AAE?$AAR?$AAR?$AAO?$AAR?$AA?3?$AA?5?$AA?$CF?$AAs?$AA?$AA@ 004346fc     languages.obj
 0002:0002c714       ??_C@_1BK@LNDDPCNH@?$AAZ?$AAe?$AAu?$AAS?$AA?5?$AAB?$AAu?$AAi?$AAl?$AAd?$AAe?$AAr?$AA?$AA@ 00434714     languages.obj
 0002:0002c730       ??_C@_1BI@NIHBLACF@?$AAI?$AAn?$AAf?$AAo?$AAr?$AAm?$AAa?$AAt?$AAi?$AAo?$AAn?$AA?$AA@ 00434730     languages.obj
 0002:0002c748       ??_C@_1BA@GHNIFAMD@?$AAB?$AAu?$AAi?$AAl?$AAd?$AAe?$AAr?$AA?$AA@ 00434748     languages.obj
 0002:0002c758       ??_C@_1BC@PFDDLKEP@?$AAS?$AAe?$AAt?$AAt?$AAi?$AAn?$AAg?$AAs?$AA?$AA@ 00434758     languages.obj
 0002:0002c76c       ??_C@_1CA@HACAGKKF@?$AAC?$AAu?$AAr?$AAr?$AAe?$AAn?$AAt?$AA?5?$AAv?$AAe?$AAr?$AAs?$AAi?$AAo?$AAn?$AA?$AA@ 0043476c     languages.obj
 0002:0002c790       ??_C@_1GI@NPNDIFGN@?$AAV?$AAe?$AAr?$AAs?$AAi?$AAo?$AAn?$AA?3?$AA?5?$AA?$CF?$AAu?$AA?4?$AA?$CF?$AAu?$AA?4?$AA?$CF?$AAu?$AA?4?$AA?$CF?$AAu?$AA?$AN?$AA?6?$AAB?$AAu?$AAi?$AAl?$AAd?$AA?5?$AAt?$AAi?$AAm?$AAe@ 00434790     languages.obj
 0002:0002c7f8       ??_C@_1DK@BPPNIALJ@?$AAI?$AAn?$AAf?$AAo?$AAr?$AAm?$AAa?$AAt?$AAi?$AAo?$AAn?$AA?5?$AAa?$AAb?$AAo?$AAu?$AAt?$AA?5?$AAa?$AAc?$AAt?$AAi?$AAv?$AAe?$AA?5?$AAb?$AAo?$AAt?$AA?$AA@ 004347f8     languages.obj
 0002:0002c834       ??_C@_1CA@JNAHLHMC@?$AAE?$AAn?$AAc?$AAr?$AAy?$AAp?$AAt?$AAi?$AAo?$AAn?$AA?5?$AAk?$AAe?$AAy?$AA?3?$AA?$AA@ 00434834     languages.obj
 0002:0002c854       ??_C@_1BK@LMAEKDNP@?$AAI?$AAn?$AAf?$AAo?$AAr?$AAm?$AAa?$AAt?$AAi?$AAo?$AAn?$AA?3?$AA?$AA@ 00434854     languages.obj
 0002:0002c870       ??_C@_1BA@IKDPCKPI@?$AAR?$AAe?$AAf?$AAr?$AAe?$AAs?$AAh?$AA?$AA@ 00434870     languages.obj
 0002:0002c880       ??_C@_1BG@NPEKOOKE@?$AAR?$AAe?$AAm?$AAo?$AAv?$AAe?$AA?5?$AAb?$AAo?$AAt?$AA?$AA@ 00434880     languages.obj
 0002:0002c898       ??_C@_1CA@JALOJOGD@?$AAR?$AAe?$AAm?$AAo?$AAv?$AAi?$AAn?$AAg?$AA?5?$AAb?$AAo?$AAt?$AA?4?$AA?4?$AA?4?$AA?$AA@ 00434898     languages.obj
 0002:0002c8b8       ??_C@_1HA@NGMPPLFI@?$AAB?$AAo?$AAt?$AA?5?$AAr?$AAe?$AAm?$AAo?$AAv?$AAe?$AAd?$AA?$CB?$AA?5?$AAP?$AAl?$AAe?$AAa?$AAs?$AAe?$AA?5?$AAr?$AAe?$AAs?$AAt?$AAa?$AAr?$AAt?$AA?5?$AAc?$AAo?$AAm?$AAp@ 004348b8     languages.obj
 0002:0002c928       ??_C@_1GK@NKBILMGE@?$AAF?$AAa?$AAi?$AAl?$AAe?$AAd?$AA?5?$AAt?$AAo?$AA?5?$AAr?$AAe?$AAm?$AAo?$AAv?$AAe?$AA?5?$AAb?$AAo?$AAt?$AA?$CB?$AA?5?$AAT?$AAr?$AAy?$AA?5?$AAa?$AAg?$AAa?$AAi?$AAn?$AA?5@ 00434928     languages.obj
 0002:0002c994       ??_C@_1BM@GCBECJNC@?$AA?9?$AA?9?$AA?5?$AAd?$AAe?$AAf?$AAa?$AAu?$AAl?$AAt?$AA?5?$AA?9?$AA?9?$AA?$AA@ 00434994     languages.obj
 0002:0002c9b0       ??_C@_1GO@BMJKGBHA@?$AAV?$AAe?$AAr?$AAs?$AAi?$AAo?$AAn?$AA?3?$AA?5?$AA?$CF?$AAu?$AA?4?$AA?$CF?$AAu?$AA?4?$AA?$CF?$AAu?$AA?4?$AA?$CF?$AAu?$AA?$AN?$AA?6?$AAB?$AAo?$AAt?$AAn?$AAe?$AAt?$AA?3?$AA?5?$AA?$CF?$AAs@ 004349b0     languages.obj
 0002:0002ca20       ??_C@_1CC@OOGNPJFI@?$AAB?$AAo?$AAt?$AA?5?$AAn?$AAo?$AAt?$AA?5?$AAf?$AAo?$AAu?$AAn?$AAd?$AAe?$AAd?$AA?4?$AA?$AA@ 00434a20     languages.obj
 0002:0002ca44       ??_C@_1DG@BJCCJNKE@?$AAS?$AAo?$AAu?$AAr?$AAc?$AAe?$AA?5?$AAc?$AAo?$AAn?$AAf?$AAi?$AAg?$AAu?$AAa?$AAr?$AAt?$AAi?$AAo?$AAn?$AA?5?$AAf?$AAi?$AAl?$AAe?$AA?3?$AA?$AA@ 00434a44     languages.obj
 0002:0002ca7c       ??_C@_1BE@OAEOOAE@?$AAB?$AAr?$AAo?$AAw?$AAs?$AAe?$AA?4?$AA?4?$AA?4?$AA?$AA@ 00434a7c     languages.obj
 0002:0002ca90       ??_C@_1BA@JPMCACA@?$AAE?$AAd?$AAi?$AAt?$AA?4?$AA?4?$AA?4?$AA?$AA@ 00434a90     languages.obj
 0002:0002caa0       ??_C@_1BA@CLOPDPEN@?$AAA?$AAc?$AAt?$AAi?$AAo?$AAn?$AAs?$AA?$AA@ 00434aa0     languages.obj
 0002:0002cab0       ??_C@_1DI@LEEOJFDP@?$AAB?$AAu?$AAi?$AAl?$AAd?$AA?5?$AAt?$AAh?$AAe?$AA?5?$AAb?$AAo?$AAt?$AA?5?$AAc?$AAo?$AAn?$AAf?$AAi?$AAg?$AAu?$AAr?$AAa?$AAt?$AAi?$AAo?$AAn?$AA?$AA@ 00434ab0     languages.obj
 0002:0002cae8       ??_C@_1DC@PGPFKBLC@?$AAB?$AAu?$AAi?$AAl?$AAd?$AA?5?$AAt?$AAh?$AAe?$AA?5?$AAb?$AAo?$AAt?$AA?5?$AAe?$AAx?$AAe?$AAc?$AAu?$AAt?$AAa?$AAb?$AAl?$AAe?$AA?$AA@ 00434ae8     languages.obj
 0002:0002cb1c       ??_C@_1DA@PNIOGHON@?$AA?9?$AA?9?$AA?5?$AAf?$AAi?$AAl?$AAe?$AA?5?$AAn?$AAo?$AAt?$AA?5?$AAs?$AAe?$AAl?$AAe?$AAc?$AAt?$AAe?$AAd?$AA?5?$AA?9?$AA?9?$AA?$AA@ 00434b1c     languages.obj
 0002:0002cb50       ??_C@_1EG@KOOMKPGE@?$AAF?$AAa?$AAi?$AAl?$AAe?$AAd?$AA?5?$AAt?$AAo?$AA?5?$AAe?$AAx?$AAe?$AAc?$AAu?$AAt?$AAe?$AA?5?$AAe?$AAx?$AAt?$AAe?$AAr?$AAn?$AAa?$AAl?$AA?5?$AAe?$AAd?$AAi?$AAt?$AAo@ 00434b50     languages.obj
 0002:0002cb98       ??_C@_1EG@NGODBHOL@?$AAF?$AAa?$AAi?$AAl?$AAe?$AAd?$AA?5?$AAt?$AAo?$AA?5?$AAr?$AAe?$AAa?$AAd?$AA?5?$AAc?$AAo?$AAn?$AAf?$AAi?$AAg?$AAu?$AAr?$AAa?$AAt?$AAi?$AAo?$AAn?$AA?5?$AAf?$AAi?$AAl@ 00434b98     languages.obj
 0002:0002cbe0       ??_C@_1CI@FEOEBJAA@?$AAB?$AAu?$AAi?$AAl?$AAd?$AAi?$AAn?$AAg?$AA?5?$AAt?$AAh?$AAe?$AA?5?$AAb?$AAo?$AAt?$AA?4?$AA?4?$AA?4?$AA?$AA@ 00434be0     languages.obj
 0002:0002cc08       ??_C@_1DC@LLILFDHG@?$AAL?$AAo?$AAa?$AAd?$AAi?$AAn?$AAg?$AA?5?$AAc?$AAo?$AAn?$AAf?$AAi?$AAg?$AAu?$AAr?$AAa?$AAt?$AAi?$AAo?$AAn?$AA?4?$AA?4?$AA?4?$AA?$AA@ 00434c08     languages.obj
 0002:0002cc3c       ??_C@_1DI@CNHKJIOO@?$AAC?$AAr?$AAe?$AAa?$AAt?$AAi?$AAn?$AAg?$AA?5?$AAe?$AAx?$AAe?$AAc?$AAu?$AAt?$AAa?$AAb?$AAl?$AAe?$AA?5?$AAf?$AAi?$AAl?$AAe?$AA?4?$AA?4?$AA?4?$AA?$AA@ 00434c3c     languages.obj
 0002:0002cc78       ??_C@_1EC@NEIPOHFK@?$AAS?$AAi?$AAz?$AAe?$AA?5?$AAo?$AAf?$AA?5?$AAo?$AAu?$AAt?$AAp?$AAu?$AAt?$AA?5?$AAf?$AAi?$AAl?$AAe?$AA?5?$AAi?$AAs?$AA?5?$AA?$CF?$AAu?$AA?5?$AAb?$AAy?$AAt?$AAe?$AAs?$AA?4@ 00434c78     languages.obj
 0002:0002ccbc       ??_C@_1CG@DOOOJDOO@?$AA?$AN?$AA?6?$AAB?$AAU?$AAI?$AAL?$AAD?$AA?5?$AAS?$AAU?$AAC?$AAC?$AAE?$AAE?$AAD?$AAE?$AAD?$AA?$CB?$AA?$AA@ 00434cbc     languages.obj
 0002:0002cce8       ??_C@_1EG@GDIGHAOD@?$AAB?$AAu?$AAi?$AAl?$AAd?$AAi?$AAn?$AAg?$AA?5?$AAc?$AAo?$AAn?$AAf?$AAi?$AAg?$AAu?$AAr?$AAa?$AAt?$AAi?$AAo?$AAn?$AA?5?$AAo?$AAf?$AA?5?$AAb?$AAo?$AAt?$AA?4?$AA?4?$AA?4@ 00434ce8     languages.obj
 0002:0002cd30       ??_C@_1DO@DCGDINPI@?$AAF?$AAa?$AAi?$AAl?$AAe?$AAd?$AA?5?$AAt?$AAo?$AA?5?$AAf?$AAi?$AAn?$AAd?$AA?5?$AA?$CC?$AAS?$AAt?$AAa?$AAt?$AAi?$AAc?$AAC?$AAo?$AAn?$AAf?$AAi?$AAg?$AA?$CC?$AA?4?$AA?$AA@ 00434d30     languages.obj
 0002:0002cd70       ??_C@_1KO@MPFOMKGK@?$AAM?$AAa?$AAx?$AAi?$AAm?$AAu?$AAm?$AA?5?$AAl?$AAe?$AAn?$AAg?$AAt?$AAh?$AA?5?$AAo?$AAf?$AA?5?$AAv?$AAa?$AAl?$AAu?$AAe?$AA?5?$AA?$CC?$AAS?$AAt?$AAa?$AAt?$AAi?$AAc?$AAC@ 00434d70     languages.obj
 0002:0002ce20       ??_C@_1FE@DCFMLKNB@?$AAF?$AAa?$AAi?$AAl?$AAe?$AAd?$AA?5?$AAt?$AAo?$AA?5?$AAf?$AAi?$AAn?$AAd?$AA?5?$AA?$CC?$AAS?$AAt?$AAa?$AAt?$AAi?$AAc?$AAC?$AAo?$AAn?$AAf?$AAi?$AAg?$AA?1?$AAu?$AAr?$AAl@ 00434e20     languages.obj
 0002:0002ce78       ??_C@_1LG@OFMKJMPO@?$AAM?$AAa?$AAx?$AAi?$AAm?$AAu?$AAm?$AA?5?$AAl?$AAe?$AAn?$AAg?$AAt?$AAh?$AA?5?$AAo?$AAf?$AA?5?$AAv?$AAa?$AAl?$AAu?$AAe?$AA?5?$AA?$CC?$AAS?$AAt?$AAa?$AAt?$AAi?$AAc?$AAC@ 00434e78     languages.obj
 0002:0002cf30       ??_C@_1FM@GJHGPNIP@?$AAF?$AAa?$AAi?$AAl?$AAe?$AAd?$AA?5?$AAt?$AAo?$AA?5?$AAf?$AAi?$AAn?$AAd?$AA?5?$AA?$CC?$AAS?$AAt?$AAa?$AAt?$AAi?$AAc?$AAC?$AAo?$AAn?$AAf?$AAi?$AAg?$AA?1?$AAe?$AAn?$AAc@ 00434f30     languages.obj
 0002:0002cf90       ??_C@_1EE@FAEDBBEC@?$AAS?$AAo?$AAu?$AAr?$AAc?$AAe?$AA?5?$AAe?$AAx?$AAe?$AAc?$AAu?$AAt?$AAa?$AAb?$AAl?$AAe?$AA?5?$AAf?$AAi?$AAl?$AAe?$AA?5?$AAc?$AAo?$AAr?$AAr?$AAu?$AAp?$AAt?$AAe?$AAd@ 00434f90     languages.obj
 0002:0002cfd8       ??_C@_1EA@HDCAMPOA@?$AAF?$AAa?$AAi?$AAl?$AAe?$AAd?$AA?5?$AAt?$AAo?$AA?5?$AAf?$AAi?$AAn?$AAd?$AA?5?$AA?$CC?$AAD?$AAy?$AAn?$AAa?$AAm?$AAi?$AAc?$AAC?$AAo?$AAn?$AAf?$AAi?$AAg?$AA?$CC?$AA?4?$AA?$AA@ 00434fd8     languages.obj
 0002:0002d018       ??_C@_1FG@FAMBEKHA@?$AAF?$AAa?$AAi?$AAl?$AAe?$AAd?$AA?5?$AAt?$AAo?$AA?5?$AAf?$AAi?$AAn?$AAd?$AA?5?$AA?$CC?$AAD?$AAy?$AAn?$AAa?$AAm?$AAi?$AAc?$AAC?$AAo?$AAn?$AAf?$AAi?$AAg?$AA?1?$AAu?$AAr@ 00435018     languages.obj
 0002:0002d070       ??_C@_1FG@IGFOGCPI@?$AAF?$AAa?$AAi?$AAl?$AAe?$AAd?$AA?5?$AAt?$AAo?$AA?5?$AAf?$AAi?$AAn?$AAd?$AA?5?$AA?$CC?$AAD?$AAy?$AAn?$AAa?$AAm?$AAi?$AAc?$AAC?$AAo?$AAn?$AAf?$AAi?$AAg?$AA?1?$AAu?$AAr@ 00435070     languages.obj
 0002:0002d0c8       ??_C@_1GE@COFCPHNN@?$AAE?$AAr?$AAr?$AAo?$AAr?$AA?5?$AAf?$AAo?$AAu?$AAn?$AAd?$AAe?$AAd?$AA?5?$AAi?$AAn?$AA?5?$AA?$CC?$AAD?$AAy?$AAn?$AAa?$AAm?$AAi?$AAc?$AAC?$AAo?$AAn?$AAf?$AAi?$AAg?$AA?1@ 004350c8     languages.obj
 0002:0002d130       ??_C@_1FK@GMBPJIIJ@?$AAE?$AAr?$AAr?$AAo?$AAr?$AA?5?$AAf?$AAo?$AAu?$AAn?$AAd?$AAe?$AAd?$AA?5?$AAi?$AAn?$AA?5?$AA?$CC?$AAD?$AAy?$AAn?$AAa?$AAm?$AAi?$AAc?$AAC?$AAo?$AAn?$AAf?$AAi?$AAg?$AA?1@ 00435130     languages.obj
 0002:0002d190       ??_C@_1GC@GNHFOCAM@?$AAE?$AAr?$AAr?$AAo?$AAr?$AA?5?$AAf?$AAo?$AAu?$AAn?$AAd?$AAe?$AAd?$AA?5?$AAi?$AAn?$AA?5?$AA?$CC?$AAD?$AAy?$AAn?$AAa?$AAm?$AAi?$AAc?$AAC?$AAo?$AAn?$AAf?$AAi?$AAg?$AA?1@ 00435190     languages.obj
 0002:0002d1f8       ??_C@_1FG@HONEKAKG@?$AAE?$AAr?$AAr?$AAo?$AAr?$AA?5?$AAf?$AAo?$AAu?$AAn?$AAd?$AAe?$AAd?$AA?5?$AAi?$AAn?$AA?5?$AA?$CC?$AAD?$AAy?$AAn?$AAa?$AAm?$AAi?$AAc?$AAC?$AAo?$AAn?$AAf?$AAi?$AAg?$AA?1@ 004351f8     languages.obj
 0002:0002d250       ??_C@_1GE@OHNFLCJD@?$AAE?$AAr?$AAr?$AAo?$AAr?$AA?5?$AAf?$AAo?$AAu?$AAn?$AAd?$AAe?$AAd?$AA?5?$AAi?$AAn?$AA?5?$AA?$CC?$AAD?$AAy?$AAn?$AAa?$AAm?$AAi?$AAc?$AAC?$AAo?$AAn?$AAf?$AAi?$AAg?$AA?1@ 00435250     languages.obj
 0002:0002d2b4       ??_C@_1DK@GECOIDFO@?$AAB?$AAu?$AAi?$AAl?$AAd?$AAi?$AAn?$AAg?$AA?5?$AAt?$AAh?$AAe?$AA?5?$AAH?$AAT?$AAT?$AAP?$AA?5?$AAi?$AAn?$AAj?$AAe?$AAc?$AAt?$AAs?$AA?4?$AA?4?$AA?4?$AA?$AA@ 004352b4     languages.obj
 0002:0002d2f0       ??_C@_1EK@MBHICPCL@?$AAF?$AAa?$AAi?$AAl?$AAe?$AAd?$AA?5?$AAt?$AAo?$AA?5?$AAo?$AAp?$AAe?$AAn?$AA?5?$AAf?$AAi?$AAl?$AAe?$AA?5?$AAo?$AAf?$AA?5?$AAH?$AAT?$AAT?$AAP?$AA?5?$AAi?$AAn?$AAj?$AAe@ 004352f0     languages.obj
 0002:0002d33c       ??_C@_1DC@LJPMJGBD@?$AAB?$AAa?$AAd?$AA?5?$AAH?$AAT?$AAT?$AAP?$AA?9?$AAi?$AAn?$AAj?$AAe?$AAc?$AAt?$AA?5?$AAf?$AAo?$AAu?$AAn?$AAd?$AAe?$AAd?$AA?4?$AA?$AA@ 0043533c     languages.obj
 0002:0002d370       ??_C@_1BE@HBODGPNP@?$AAL?$AAa?$AAn?$AAg?$AAu?$AAa?$AAg?$AAe?$AA?3?$AA?$AA@ 00435370     languages.obj
 0002:0002d384       ??_C@_1M@BMPEPGDA@?$AAA?$AAp?$AAp?$AAl?$AAy?$AA?$AA@ 00435384     languages.obj
 0002:0002d390       ??_C@_1GO@HNMJPBEH@?$AAF?$AAo?$AAr?$AA?5?$AAa?$AAp?$AAp?$AAl?$AAy?$AA?5?$AAt?$AAh?$AAe?$AA?5?$AAl?$AAa?$AAn?$AAg?$AAu?$AAa?$AAg?$AAe?$AA?5?$AAy?$AAo?$AAu?$AA?5?$AAs?$AAh?$AAo?$AAu?$AAl@ 00435390     languages.obj
 0002:0002d400       ??_C@_1DK@NMECGOAH@?$AAF?$AAa?$AAi?$AAl?$AAe?$AAd?$AA?5?$AAt?$AAo?$AA?5?$AAs?$AAa?$AAv?$AAe?$AA?5?$AAa?$AAl?$AAl?$AA?5?$AAs?$AAe?$AAt?$AAt?$AAi?$AAn?$AAg?$AAs?$AA?4?$AA?$AA@ 00435400     languages.obj
 0002:0002d43c       ??_C@_1CK@IHNHACNB@?$AA?M?$AA?e?$AA?d?$AA?n?$AA?q?$AA?r?$AA?$OA?$AA?r?$AA?n?$AA?w?$AA?m?$AA?n?$AA?5?$AA?o?$AA?$OA?$AA?l?$AA?$PP?$AA?r?$AA?h?$AA?4?$AA?$AA@ 0043543c     languages.obj
 0002:0002d468       ??_C@_1DG@BAMDKPBI@?$AA?M?$AA?e?$AA?5?$AA?s?$AA?d?$AA?$OA?$AA?k?$AA?n?$AA?q?$AA?$PM?$AA?5?$AA?q?$AA?n?$AA?u?$AA?p?$AA?$OA?$AA?m?$AA?h?$AA?r?$AA?$PM?$AA?5?$AA?t?$AA?$OA?$AA?i?$AA?k?$AA?4?$AA?$AA@ 00435468     languages.obj
 0002:0002d4a0       ??_C@_1BK@JJMJGMBG@?$AA?$AN?$AA?6?$AA?N?$AA?X?$AA?H?$AA?A?$AA?J?$AA?$MA?$AA?3?$AA?5?$AA?$CF?$AAs?$AA?$AA@ 004354a0     languages.obj
 0002:0002d4bc       ??_C@_1CC@DCPMKIEE@?$AA?N?$AA?a?$AA?y?$AA?$OA?$AA?$PP?$AA?5?$AA?h?$AA?m?$AA?t?$AA?n?$AA?p?$AA?l?$AA?$OA?$AA?v?$AA?h?$AA?$PP?$AA?$AA@ 004354bc     languages.obj
 0002:0002d4e0       ??_C@_1O@HDODFMOC@?$AA?Q?$AA?a?$AA?n?$AA?p?$AA?j?$AA?$OA?$AA?$AA@ 004354e0     languages.obj
 0002:0002d4f0       ??_C@_1M@CLIOIJJH@?$AA?N?$AA?o?$AA?v?$AA?h?$AA?h?$AA?$AA@ 004354f0     languages.obj
 0002:0002d4fc       ??_C@_1BO@ECNICOBG@?$AA?R?$AA?e?$AA?j?$AA?s?$AA?y?$AA?$OA?$AA?$PP?$AA?5?$AA?b?$AA?e?$AA?p?$AA?q?$AA?h?$AA?$PP?$AA?$AA@ 004354fc     languages.obj
 0002:0002d520       ??_C@_1HI@BGIKEBLJ@?$AA?B?$AA?e?$AA?p?$AA?q?$AA?h?$AA?$PP?$AA?3?$AA?5?$AA?$CF?$AAu?$AA?4?$AA?$CF?$AAu?$AA?4?$AA?$CF?$AAu?$AA?4?$AA?$CF?$AAu?$AA?$AN?$AA?6?$AA?B?$AA?p?$AA?e?$AA?l?$AA?$PP?$AA?5?$AA?q?$AA?a?$AA?n?$AA?p?$AA?j@ 00435520     languages.obj
 0002:0002d598       ??_C@_1DK@GHJMOPMF@?$AA?H?$AA?m?$AA?t?$AA?n?$AA?p?$AA?l?$AA?$OA?$AA?v?$AA?h?$AA?$PP?$AA?5?$AA?n?$AA?5?$AA?g?$AA?$OA?$AA?o?$AA?s?$AA?y?$AA?e?$AA?m?$AA?m?$AA?n?$AA?l?$AA?5?$AA?a?$AA?n?$AA?r?$AA?e?$AA?$AA@ 00435598     languages.obj
 0002:0002d5d4       ??_C@_1CC@PEHPBANF@?$AA?J?$AA?k?$AA?$PO?$AA?w?$AA?5?$AA?x?$AA?h?$AA?t?$AA?p?$AA?n?$AA?b?$AA?$OA?$AA?m?$AA?h?$AA?$PP?$AA?3?$AA?$AA@ 004355d4     languages.obj
 0002:0002d5f8       ??_C@_1BI@HIJDDGEA@?$AA?H?$AA?m?$AA?t?$AA?n?$AA?p?$AA?l?$AA?$OA?$AA?v?$AA?h?$AA?$PP?$AA?3?$AA?$AA@ 004355f8     languages.obj
 0002:0002d610       ??_C@_1BC@LAMDHHML@?$AA?N?$AA?a?$AA?m?$AA?n?$AA?b?$AA?h?$AA?r?$AA?$PM?$AA?$AA@ 00435610     languages.obj
 0002:0002d624       ??_C@_1BK@NIEKKJAG@?$AA?S?$AA?d?$AA?$OA?$AA?k?$AA?h?$AA?r?$AA?$PM?$AA?5?$AA?a?$AA?n?$AA?r?$AA?$OA?$AA?$AA@ 00435624     languages.obj
 0002:0002d640       ??_C@_1CC@PIHOFKIL@?$AA?S?$AA?d?$AA?$OA?$AA?k?$AA?e?$AA?m?$AA?h?$AA?e?$AA?5?$AA?a?$AA?n?$AA?r?$AA?$OA?$AA?4?$AA?4?$AA?4?$AA?$AA@ 00435640     languages.obj
 0002:0002d668       ??_C@_1JG@MINJKAFL@?$AA?A?$AA?n?$AA?r?$AA?5?$AA?s?$AA?d?$AA?$OA?$AA?k?$AA?e?$AA?m?$AA?$CB?$AA?5?$AA?O?$AA?n?$AA?f?$AA?$OA?$AA?k?$AA?s?$AA?i?$AA?q?$AA?r?$AA?$OA?$AA?0?$AA?5?$AA?o?$AA?e?$AA?p?$AA?e?$AA?g?$AA?$OA?$AA?c?$AA?p@ 00435668     languages.obj
 0002:0002d700       ??_C@_1JA@FMBBGIJ@?$AA?M?$AA?e?$AA?5?$AA?s?$AA?d?$AA?$OA?$AA?k?$AA?n?$AA?q?$AA?$PM?$AA?5?$AA?s?$AA?d?$AA?$OA?$AA?k?$AA?h?$AA?r?$AA?$PM?$AA?5?$AA?a?$AA?n?$AA?r?$AA?$OA?$AA?$CB?$AA?5?$AA?O?$AA?n?$AA?o?$AA?p?$AA?n?$AA?a?$AA?s@ 00435700     languages.obj
 0002:0002d790       ??_C@_1GI@OAGLBKBM@?$AA?B?$AA?e?$AA?p?$AA?q?$AA?h?$AA?$PP?$AA?3?$AA?5?$AA?$CF?$AAu?$AA?4?$AA?$CF?$AAu?$AA?4?$AA?$CF?$AAu?$AA?4?$AA?$CF?$AAu?$AA?$AN?$AA?6?$AA?A?$AA?n?$AA?r?$AA?m?$AA?e?$AA?r?$AA?3?$AA?5?$AA?$CF?$AAs?$AA?$AN@ 00435790     languages.obj
 0002:0002d7f8       ??_C@_1BO@FPFFJBHF@?$AA?A?$AA?n?$AA?r?$AA?5?$AA?m?$AA?e?$AA?5?$AA?m?$AA?$OA?$AA?i?$AA?d?$AA?e?$AA?m?$AA?4?$AA?$AA@ 004357f8     languages.obj
 0002:0002d818       ??_C@_1DI@KMFGBOGI@?$AA?H?$AA?q?$AA?u?$AA?n?$AA?d?$AA?m?$AA?$PL?$AA?i?$AA?5?$AA?t?$AA?$OA?$AA?i?$AA?k?$AA?5?$AA?j?$AA?n?$AA?m?$AA?t?$AA?h?$AA?c?$AA?s?$AA?p?$AA?$OA?$AA?v?$AA?h?$AA?h?$AA?3?$AA?$AA@ 00435818     languages.obj
 0002:0002d850       ??_C@_1BC@BEMHBPHD@?$AA?N?$AA?a?$AA?g?$AA?n?$AA?p?$AA?4?$AA?4?$AA?4?$AA?$AA@ 00435850     languages.obj
 0002:0002d864       ??_C@_1BE@DKDEGIGC@?$AA?O?$AA?p?$AA?$OA?$AA?b?$AA?j?$AA?$OA?$AA?4?$AA?4?$AA?4?$AA?$AA@ 00435864     languages.obj
 0002:0002d878       ??_C@_1BC@BHMBBAGG@?$AA?D?$AA?e?$AA?i?$AA?q?$AA?r?$AA?b?$AA?h?$AA?$PP?$AA?$AA@ 00435878     languages.obj
 0002:0002d88c       ??_C@_1DE@HOBDIDFF@?$AA?Q?$AA?n?$AA?a?$AA?p?$AA?$OA?$AA?r?$AA?$PM?$AA?5?$AA?j?$AA?n?$AA?m?$AA?t?$AA?h?$AA?c?$AA?s?$AA?p?$AA?$OA?$AA?v?$AA?h?$AA?$PO?$AA?5?$AA?a?$AA?n?$AA?r?$AA?$OA?$AA?$AA@ 0043588c     languages.obj
 0002:0002d8c0       ??_C@_1BK@BEPLOIEJ@?$AA?Q?$AA?n?$AA?a?$AA?p?$AA?$OA?$AA?r?$AA?$PM?$AA?5?$AA?a?$AA?n?$AA?r?$AA?$OA?$AA?$AA@ 004358c0     languages.obj
 0002:0002d8dc       ??_C@_1CK@CJHOFJPP@?$AA?9?$AA?9?$AA?5?$AA?t?$AA?$OA?$AA?i?$AA?k?$AA?5?$AA?m?$AA?e?$AA?5?$AA?b?$AA?$PL?$AA?a?$AA?p?$AA?$OA?$AA?m?$AA?5?$AA?9?$AA?9?$AA?$AA@ 004358dc     languages.obj
 0002:0002d908       ??_C@_1EO@KLAHEJDC@?$AA?M?$AA?e?$AA?5?$AA?s?$AA?d?$AA?$OA?$AA?k?$AA?n?$AA?q?$AA?$PM?$AA?5?$AA?g?$AA?$OA?$AA?o?$AA?s?$AA?q?$AA?r?$AA?h?$AA?r?$AA?$PM?$AA?5?$AA?b?$AA?m?$AA?e?$AA?x?$AA?m?$AA?h?$AA?i?$AA?5?$AA?p?$AA?e?$AA?d@ 00435908     languages.obj
 0002:0002d958       ??_C@_1FA@COBHLKED@?$AA?M?$AA?e?$AA?5?$AA?s?$AA?d?$AA?$OA?$AA?k?$AA?n?$AA?q?$AA?$PM?$AA?5?$AA?o?$AA?p?$AA?n?$AA?w?$AA?h?$AA?r?$AA?$OA?$AA?r?$AA?$PM?$AA?5?$AA?t?$AA?$OA?$AA?i?$AA?k?$AA?5?$AA?j?$AA?n?$AA?m?$AA?t?$AA?h?$AA?c@ 00435958     languages.obj
 0002:0002d9a8       ??_C@_1BO@BMFJANA@?$AA?Q?$AA?a?$AA?n?$AA?p?$AA?j?$AA?$OA?$AA?5?$AA?a?$AA?n?$AA?r?$AA?$OA?$AA?4?$AA?4?$AA?4?$AA?$AA@ 004359a8     languages.obj
 0002:0002d9c8       ??_C@_1DC@BFAMDGCG@?$AA?G?$AA?$OA?$AA?c?$AA?p?$AA?s?$AA?g?$AA?j?$AA?$OA?$AA?5?$AA?j?$AA?n?$AA?m?$AA?t?$AA?h?$AA?c?$AA?s?$AA?p?$AA?$OA?$AA?v?$AA?h?$AA?h?$AA?4?$AA?4?$AA?4?$AA?$AA@ 004359c8     languages.obj
 0002:0002d9fc       ??_C@_1CM@PBCECDE@?$AA?Q?$AA?n?$AA?g?$AA?d?$AA?$OA?$AA?m?$AA?h?$AA?e?$AA?5?$AAE?$AAX?$AAE?$AA?9?$AA?t?$AA?$OA?$AA?i?$AA?k?$AA?$OA?$AA?4?$AA?4?$AA?4?$AA?$AA@ 004359fc     languages.obj
 0002:0002da28       ??_C@_1CM@CHMDJAMB@?$AA?P?$AA?$OA?$AA?g?$AA?l?$AA?e?$AA?p?$AA?5?$AA?t?$AA?$OA?$AA?i?$AA?k?$AA?$OA?$AA?5?$AA?$CF?$AAu?$AA?5?$AA?a?$AA?$OA?$AA?i?$AA?r?$AA?4?$AA?$AA@ 00435a28     languages.obj
 0002:0002da54       ??_C@_1DI@IKKEJLNE@?$AA?$AN?$AA?6?$AA?Q?$AA?A?$AA?N?$AA?P?$AA?J?$AA?$MA?$AA?5?$AA?S?$AA?Q?$AA?O?$AA?E?$AA?X?$AA?M?$AA?N?$AA?5?$AA?G?$AA?$MA?$AA?B?$AA?E?$AA?P?$AA?X?$AA?E?$AA?M?$AA?$MA?$AA?$CB?$AA?$AA@ 00435a54     languages.obj
 0002:0002da8c       ??_C@_1DM@EKLMPNLG@?$AA?Q?$AA?a?$AA?n?$AA?p?$AA?j?$AA?$OA?$AA?5?$AA?j?$AA?n?$AA?m?$AA?t?$AA?h?$AA?c?$AA?s?$AA?p?$AA?$OA?$AA?v?$AA?h?$AA?h?$AA?5?$AA?a?$AA?n?$AA?r?$AA?$OA?$AA?4?$AA?4?$AA?4?$AA?$AN?$AA?6?$AA?$AA@ 00435a8c     languages.obj
 0002:0002dac8       ??_C@_1EC@NBIOFPKM@?$AA?M?$AA?e?$AA?5?$AA?s?$AA?d?$AA?$OA?$AA?k?$AA?n?$AA?q?$AA?$PM?$AA?5?$AA?m?$AA?$OA?$AA?i?$AA?r?$AA?h?$AA?5?$AA?$CC?$AAS?$AAt?$AAa?$AAt?$AAi?$AAc?$AAC?$AAo?$AAn?$AAf?$AAi?$AAg?$AA?$CC?$AA?4@ 00435ac8     languages.obj
 0002:0002db10       ??_C@_1KO@DGHIODLI@?$AA?L?$AA?$OA?$AA?j?$AA?q?$AA?h?$AA?l?$AA?$OA?$AA?k?$AA?$PM?$AA?m?$AA?$OA?$AA?$PP?$AA?5?$AA?d?$AA?k?$AA?h?$AA?m?$AA?$OA?$AA?5?$AA?g?$AA?m?$AA?$OA?$AA?w?$AA?e?$AA?m?$AA?h?$AA?$PP?$AA?5?$AA?d?$AA?k?$AA?$PP?$AA?5@ 00435b10     languages.obj
 0002:0002dbc0       ??_C@_1FI@MEFJPBMN@?$AA?M?$AA?e?$AA?5?$AA?s?$AA?d?$AA?$OA?$AA?k?$AA?n?$AA?q?$AA?$PM?$AA?5?$AA?m?$AA?$OA?$AA?i?$AA?r?$AA?h?$AA?5?$AA?$CC?$AAS?$AAt?$AAa?$AAt?$AAi?$AAc?$AAC?$AAo?$AAn?$AAf?$AAi?$AAg?$AA?1?$AAu@ 00435bc0     languages.obj
 0002:0002dc18       ??_C@_1LG@NIGNKKGC@?$AA?L?$AA?$OA?$AA?j?$AA?q?$AA?h?$AA?l?$AA?$OA?$AA?k?$AA?$PM?$AA?m?$AA?$OA?$AA?$PP?$AA?5?$AA?d?$AA?k?$AA?h?$AA?m?$AA?$OA?$AA?5?$AA?g?$AA?m?$AA?$OA?$AA?w?$AA?e?$AA?m?$AA?h?$AA?$PP?$AA?5?$AA?d?$AA?k?$AA?$PP?$AA?5@ 00435c18     languages.obj
 0002:0002dcd0       ??_C@_1GA@JDNHMMCG@?$AA?M?$AA?e?$AA?5?$AA?s?$AA?d?$AA?$OA?$AA?k?$AA?n?$AA?q?$AA?$PM?$AA?5?$AA?m?$AA?$OA?$AA?i?$AA?r?$AA?h?$AA?5?$AA?$CC?$AAS?$AAt?$AAa?$AAt?$AAi?$AAc?$AAC?$AAo?$AAn?$AAf?$AAi?$AAg?$AA?1?$AAe@ 00435cd0     languages.obj
 0002:0002dd30       ??_C@_1DI@GLAJDGNI@?$AA?H?$AA?q?$AA?u?$AA?n?$AA?d?$AA?m?$AA?$PL?$AA?i?$AA?5?$AAP?$AAE?$AA?9?$AA?t?$AA?$OA?$AA?i?$AA?k?$AA?5?$AA?o?$AA?n?$AA?b?$AA?p?$AA?e?$AA?f?$AA?d?$AA?e?$AA?m?$AA?4?$AA?$AA@ 00435d30     languages.obj
 0002:0002dd68       ??_C@_1EE@MFCKAHKF@?$AA?M?$AA?e?$AA?5?$AA?s?$AA?d?$AA?$OA?$AA?k?$AA?n?$AA?q?$AA?$PM?$AA?5?$AA?m?$AA?$OA?$AA?i?$AA?r?$AA?h?$AA?5?$AA?$CC?$AAD?$AAy?$AAn?$AAa?$AAm?$AAi?$AAc?$AAC?$AAo?$AAn?$AAf?$AAi?$AAg?$AA?$CC@ 00435d68     languages.obj
 0002:0002ddb0       ??_C@_1FK@FHLIHJDA@?$AA?M?$AA?e?$AA?5?$AA?s?$AA?d?$AA?$OA?$AA?k?$AA?n?$AA?q?$AA?$PM?$AA?5?$AA?m?$AA?$OA?$AA?i?$AA?r?$AA?h?$AA?5?$AA?$CC?$AAD?$AAy?$AAn?$AAa?$AAm?$AAi?$AAc?$AAC?$AAo?$AAn?$AAf?$AAi?$AAg?$AA?1@ 00435db0     languages.obj
 0002:0002de10       ??_C@_1FK@IBCHFBLI@?$AA?M?$AA?e?$AA?5?$AA?s?$AA?d?$AA?$OA?$AA?k?$AA?n?$AA?q?$AA?$PM?$AA?5?$AA?m?$AA?$OA?$AA?i?$AA?r?$AA?h?$AA?5?$AA?$CC?$AAD?$AAy?$AAn?$AAa?$AAm?$AAi?$AAc?$AAC?$AAo?$AAn?$AAf?$AAi?$AAg?$AA?1@ 00435e10     languages.obj
 0002:0002de70       ??_C@_1GK@JNLDGKMM@?$AA?N?$AA?a?$AA?m?$AA?$OA?$AA?p?$AA?s?$AA?f?$AA?e?$AA?m?$AA?$OA?$AA?5?$AA?n?$AA?x?$AA?h?$AA?a?$AA?j?$AA?$OA?$AA?5?$AA?b?$AA?5?$AA?$CC?$AAD?$AAy?$AAn?$AAa?$AAm?$AAi?$AAc?$AAC?$AAo?$AAn?$AAf@ 00435e70     languages.obj
 0002:0002dee0       ??_C@_1GA@PDPGBNIF@?$AA?N?$AA?a?$AA?m?$AA?$OA?$AA?p?$AA?s?$AA?f?$AA?e?$AA?m?$AA?$OA?$AA?5?$AA?n?$AA?x?$AA?h?$AA?a?$AA?j?$AA?$OA?$AA?5?$AA?b?$AA?5?$AA?$CC?$AAD?$AAy?$AAn?$AAa?$AAm?$AAi?$AAc?$AAC?$AAo?$AAn?$AAf@ 00435ee0     languages.obj
 0002:0002df40       ??_C@_1GI@ICOJMIJN@?$AA?N?$AA?a?$AA?m?$AA?$OA?$AA?p?$AA?s?$AA?f?$AA?e?$AA?m?$AA?$OA?$AA?5?$AA?n?$AA?x?$AA?h?$AA?a?$AA?j?$AA?$OA?$AA?5?$AA?b?$AA?5?$AA?$CC?$AAD?$AAy?$AAn?$AAa?$AAm?$AAi?$AAc?$AAC?$AAo?$AAn?$AAf@ 00435f40     languages.obj
 0002:0002dfa8       ??_C@_1FM@COJCFDDJ@?$AA?N?$AA?a?$AA?m?$AA?$OA?$AA?p?$AA?s?$AA?f?$AA?e?$AA?m?$AA?$OA?$AA?5?$AA?n?$AA?x?$AA?h?$AA?a?$AA?j?$AA?$OA?$AA?5?$AA?b?$AA?5?$AA?$CC?$AAD?$AAy?$AAn?$AAa?$AAm?$AAi?$AAc?$AAC?$AAo?$AAn?$AAf@ 00435fa8     languages.obj
 0002:0002e008       ??_C@_1GK@FEDECPIC@?$AA?N?$AA?a?$AA?m?$AA?$OA?$AA?p?$AA?s?$AA?f?$AA?e?$AA?m?$AA?$OA?$AA?5?$AA?n?$AA?x?$AA?h?$AA?a?$AA?j?$AA?$OA?$AA?5?$AA?b?$AA?5?$AA?$CC?$AAD?$AAy?$AAn?$AAa?$AAm?$AAi?$AAc?$AAC?$AAo?$AAn?$AAf@ 00436008     languages.obj
 0002:0002e074       ??_C@_1DA@BKCCOCAN@?$AA?Q?$AA?a?$AA?n?$AA?p?$AA?j?$AA?$OA?$AA?5?$AAH?$AAT?$AAT?$AAP?$AA?9?$AA?h?$AA?m?$AA?f?$AA?e?$AA?j?$AA?r?$AA?n?$AA?b?$AA?4?$AA?4?$AA?4?$AA?$AA@ 00436074     languages.obj
 0002:0002e0a8       ??_C@_1FE@PCAANIK@?$AA?M?$AA?e?$AA?5?$AA?s?$AA?d?$AA?$OA?$AA?k?$AA?n?$AA?q?$AA?$PM?$AA?5?$AA?n?$AA?r?$AA?j?$AA?p?$AA?$PL?$AA?r?$AA?$PM?$AA?5?$AA?t?$AA?$OA?$AA?i?$AA?k?$AA?5?$AA?q?$AA?5?$AAH?$AAT?$AAT?$AAP?$AA?9?$AA?h@ 004360a8     languages.obj
 0002:0002e100       ??_C@_1EC@FCDCPHHM@?$AA?N?$AA?a?$AA?m?$AA?$OA?$AA?p?$AA?s?$AA?f?$AA?e?$AA?m?$AA?5?$AAH?$AAT?$AAT?$AAP?$AA?9?$AA?h?$AA?m?$AA?f?$AA?e?$AA?j?$AA?r?$AA?5?$AA?q?$AA?5?$AA?n?$AA?x?$AA?h?$AA?a?$AA?j?$AA?n?$AA?i?$AA?4@ 00436100     languages.obj
 0002:0002e144       ??_C@_1CC@LNMLHID@?$AA?$NP?$AA?g?$AA?$PL?$AA?j?$AA?5?$AA?h?$AA?m?$AA?r?$AA?e?$AA?p?$AA?t?$AA?e?$AA?i?$AA?q?$AA?$OA?$AA?3?$AA?$AA@ 00436144     languages.obj
 0002:0002e168       ??_C@_1BE@FALOFFJK@?$AA?O?$AA?p?$AA?h?$AA?l?$AA?e?$AA?m?$AA?h?$AA?r?$AA?$PM?$AA?$AA@ 00436168     languages.obj
 0002:0002e180       ??_C@_1HE@MEFBOEEA@?$AA?D?$AA?k?$AA?$PP?$AA?5?$AA?o?$AA?p?$AA?h?$AA?l?$AA?e?$AA?m?$AA?e?$AA?m?$AA?h?$AA?$PP?$AA?5?$AA?$PP?$AA?g?$AA?$PL?$AA?j?$AA?$OA?$AA?5?$AA?m?$AA?e?$AA?n?$AA?a?$AA?u?$AA?n?$AA?d?$AA?h?$AA?l?$AA?n?$AA?5@ 00436180     languages.obj
 0002:0002e1f8       ??_C@_1EI@NGBIGBMK@?$AA?M?$AA?e?$AA?5?$AA?s?$AA?d?$AA?$OA?$AA?k?$AA?n?$AA?q?$AA?$PM?$AA?5?$AA?q?$AA?n?$AA?u?$AA?p?$AA?$OA?$AA?m?$AA?h?$AA?r?$AA?$PM?$AA?5?$AA?b?$AA?q?$AA?e?$AA?5?$AA?m?$AA?$OA?$AA?q?$AA?r?$AA?p?$AA?n?$AA?i@ 004361f8     languages.obj
 0002:0002e240       ??_C@_1BA@CLLEDPIF@?$AAE?$AAn?$AAg?$AAl?$AAi?$AAs?$AAh?$AA?$AA@ 00436240     languages.obj
 0002:0002e250       ??_C@_1CE@KLLOAJBA@?$AA?P?$AA?s?$AA?q?$AA?q?$AA?j?$AA?h?$AA?i?$AA?5?$AA?$CI?$AAR?$AAu?$AAs?$AAs?$AAi?$AAa?$AAn?$AA?$CJ?$AA?$AA@ 00436250     languages.obj
 0002:0002e274       ??_C@_1BC@PKFLBEPK@?$AAl?$AAa?$AAn?$AAg?$AAu?$AAa?$AAg?$AAe?$AA?$AA@ 00436274     languages.obj
 0002:0002e288       ??_C@_1BC@KIHFACHP@?$AAs?$AAe?$AAt?$AAt?$AAi?$AAn?$AAg?$AAs?$AA?$AA@ 00436288     languages.obj
 0002:0002e29c       ??_C@_1BG@OPDBANFN@?$AAc?$AAo?$AAn?$AAf?$AAi?$AAg?$AA?4?$AAt?$AAx?$AAt?$AA?$AA@ 0043629c     builder.obj
 0002:0002e2b4       ??_C@_19LELMJPKF@?$AAe?$AAd?$AAi?$AAt?$AA?$AA@ 004362b4     builder.obj
 0002:0002e2c0       ??_C@_15JNBOKNOG@?$AA?$AN?$AA?6?$AA?$AA@ 004362c0     tools.obj
 0002:0002e2c6       ??_C@_00CNPNBAHC@?$AA@     004362c6     common.obj
 0002:0002e2c8       ??_C@_03JBJLGPFL@end?$AA@  004362c8     common.obj
 0002:0002e2cc       ??_C@_05HNNDEAND@entry?$AA@ 004362cc     common.obj
 0002:0002e2dc       ??_C@_13IMODFHAA@?$AA?9?$AA?$AA@ 004362dc     info.obj
 0002:0002e2e0       ??_C@_05GFCDIDHO@debug?$AA@ 004362e0     info.obj
 0002:0002e2e8       ??_C@_1BK@BDLHIEGA@?$AAs?$AAe?$AAt?$AAt?$AAi?$AAn?$AAg?$AAs?$AA?4?$AAi?$AAn?$AAi?$AA?$AA@ 004362e8     main.obj
 0002:0002e428       __IMPORT_DESCRIPTOR_KERNEL32 00436428     kernel32:KERNEL32.dll
 0002:0002e43c       __IMPORT_DESCRIPTOR_USER32 0043643c     user32:USER32.dll
 0002:0002e450       __IMPORT_DESCRIPTOR_ADVAPI32 00436450     advapi32:ADVAPI32.dll
 0002:0002e464       __IMPORT_DESCRIPTOR_SHLWAPI 00436464     shlwapi:SHLWAPI.dll
 0002:0002e478       __IMPORT_DESCRIPTOR_SHELL32 00436478     shell32:SHELL32.dll
 0002:0002e48c       __IMPORT_DESCRIPTOR_COMCTL32 0043648c     comctl32:COMCTL32.dll
 0002:0002e4a0       __IMPORT_DESCRIPTOR_COMDLG32 004364a0     comdlg32:COMDLG32.dll
 0002:0002e4b4       __IMPORT_DESCRIPTOR_ole32  004364b4     ole32:ole32.dll
 0002:0002e4c8       __NULL_IMPORT_DESCRIPTOR   004364c8     kernel32:KERNEL32.dll
 0003:00000060       ?settingsFile@@3PA_WA      00437060     main.obj
 0003:00000268       ?homePath@@3PA_WA          00437268     main.obj
 0003:00000470       ?currentModule@@3PAUHINSTANCE__@@A 00437470     main.obj

 entry point at        0000:00000000

 Static symbols

 0002:ffff8000       .idata$6                   00400000     gdi32:GDI32.dll
 0002:ffff8000       .idata$6                   00400000     psapi:PSAPI.DLL
 0001:00000000       ?generateSecretHash@@YIXPAUBASECONFIG@@@Z 00401000 f   buildbot.obj
 0001:0000080d       ?searchNextInject_Tool_alloc_for_next@@YI_NPAUSNIDATA@@@Z 0040180d f   buildconfig.obj
 0001:00000852       ?freeWebInject@@YIXPAUSNIDATA@@@Z 00401852 f   buildconfig.obj
 0001:0000087f       ?searchNextWebInject@@YI_NPAE0PAUSNIDATA@@K@Z 0040187f f   buildconfig.obj
 0001:00000de4       ?buildWebInject@@YIKPAUHWND__@@PA_WPAPAUSTORAGE@BinStorage@@PAPAEPAK4@Z 00401de4 f   buildconfig.obj
 0001:0000126f       ?childToMultiString@@YI_NPAUHWND__@@PAPAUSTORAGE@BinStorage@@PAU_VAR@Config0@@PADKE@Z 0040226f f   buildconfig.obj
 0001:000019f3       ?loadConfig@@YI_NPAUHWND__@@PA_WPAUCFGDATA@Config0@@_N@Z 004029f3 f   builder.obj
 0001:00001aa5       ?enableButtons@@YIXPAUHWND__@@_N@Z 00402aa5 f   builder.obj
 0001:00001ae3       ?buildThread@@YGKPAX@Z     00402ae3 f   builder.obj
 0001:00001f7f       ?unicodeToX@@YIHKQA_WHPADH@Z 00402f7f f   common.obj
 0001:00001fc2       ?unicodeToXEx@@YIPADKQA_WH@Z 00402fc2 f   common.obj
 0001:00002015       ?xToUnicode@@YIHKQADHPA_WH@Z 00403015 f   common.obj
 0001:00002055       ?xToUnicodeEx@@YIPA_WKPADH@Z 00403055 f   common.obj
 0001:000020b5       ?vsprintfHelperExW@@YIKPAPA_WKQA_WPAD@Z 004030b5 f   common.obj
 0001:0000242e       ?swd_insertdict@@YIXPAUucl_swd_t@@KK@Z 0040342e f   common.obj
 0001:000024c7       ?swd_init@@YIHPAUucl_swd_t@@PAEK@Z 004034c7 f   common.obj
 0001:00002666       ?swd_exit@@YIXPAUucl_swd_t@@@Z 00403666 f   common.obj
 0001:000026b1       ?swd_search@@YIXPAUucl_swd_t@@KK@Z 004036b1 f   common.obj
 0001:00002764       ?swd_remove_node@@YIXPAUucl_swd_t@@K@Z 00403764 f   common.obj
 0001:000027b9       ?swd_findbest@@YIXPAUucl_swd_t@@@Z 004037b9 f   common.obj
 0001:000028b9       ?swd_getbyte@@YIXPAUucl_swd_t@@@Z 004038b9 f   common.obj
 0001:00002921       ?swd_accept@@YIXPAUucl_swd_t@@K@Z 00403921 f   common.obj
 0001:000029ad       ?find_match@@YIXPAUUCL_COMPRESS_DATA@@PAUucl_swd_t@@KK@Z 004039ad f   common.obj
 0001:00002a4a       ?len_of_coded_match@@YIHPAUUCL_COMPRESS_DATA@@KK@Z 00403a4a f   common.obj
 0001:00002aa7       ?bbPutBit@@YIXPAUUCL_COMPRESS_DATA@@I@Z 00403aa7 f   common.obj
 0001:00002b0d       ?code_run@@YI_NPAUUCL_COMPRESS_DATA@@PAEK@Z 00403b0d f   common.obj
 0001:00002b51       ?code_prefix_ss11@@YIXPAUUCL_COMPRESS_DATA@@K@Z 00403b51 f   common.obj
 0001:00002ba5       ?code_match@@YI_NPAUUCL_COMPRESS_DATA@@KK@Z 00403ba5 f   common.obj
 0001:000047d1       ?getBotStatus@@YI_NPAUHWND__@@PAPAUVER1@BotStatus@@@Z 004057d1 f   info.obj
 0001:000048db       ?refreshBotStatus@@YIXPAUHWND__@@@Z 004058db f   info.obj
 0001:000049a4       ?removeBot@@YGKPAX@Z       004059a4 f   info.obj
 0001:00004be8       ?loadTool@@YIXPAUHWND__@@E@Z 00405be8 f   main.obj
 0001:00004c64       ?mainDialogProc@@YGHPAUHWND__@@IIJ@Z 00405c64 f   main.obj
 0002:00000360       ?_client32@@3QBEB          00408360     buildbot.obj
 0002:0002c360       ?languageRu@@3QBQA_WB      00434360     languages.obj
 0002:0002c448       ?languageEn@@3QBQA_WB      00434448     languages.obj
 0002:0002c530       ?swd_configs@@3QBUSWD_CONFIG@@B 00434530     common.obj
 0002:0002e2d4       ?mag01@?1??genrand_int32@@YIKXZ@4PAKA 004362d4     common.obj
 0002:0002e836       .idata$6                   00436836     kernel32:KERNEL32.dll
 0002:0002e956       .idata$6                   00436956     user32:USER32.dll
 0002:0002ea14       .idata$6                   00436a14     advapi32:ADVAPI32.dll
 0002:0002eaa2       .idata$6                   00436aa2     shlwapi:SHLWAPI.dll
 0002:0002ead2       .idata$6                   00436ad2     shell32:SHELL32.dll
 0002:0002eaf6       .idata$6                   00436af6     comctl32:COMCTL32.dll
 0002:0002eb2c       .idata$6                   00436b2c     comdlg32:COMDLG32.dll
 0002:0002eb82       .idata$6                   00436b82     ole32:ole32.dll
 0003:00000000       ?toolsList@@3PAUTOOLDATA@@A 00437000     main.obj
 0003:00000030       ?lastTool@@3EA             00437030     main.obj
 0003:00000040       ?languages@@3QBULANGINFO@Languages@@B 00437040     languages.obj
 0003:00000474       ?languageCur@@3PBULANGINFO@Languages@@B 00437474     languages.obj
 0003:00000478       ?crc32Intalized@@3_NA      00437478     common.obj
 0003:00000480       ?mt@@3PAKA                 00437480     common.obj
 0003:00000e40       ?mainHeap@@3PAXA           00437e40     common.obj
 0003:00000e44       ?_last_rand_tickcount@@3KA 00437e44     common.obj
 0003:00000e48       ?mti@@3HA                  00437e48     common.obj
 0003:00000e50       ?crc32table@@3PAKA         00437e50     common.obj
 0003:00001250       ?comResult@@3JA            00438250     main.obj
 0003:00001254       ?subThread@?1??toolBuilderProc@@YGHPAUHWND__@@IIJ@Z@4PAXA 00438254     builder.obj
 0003:00001258       ?configFile@?1??toolBuilderProc@@YGHPAUHWND__@@IIJ@Z@4PA_WA 00438258     builder.obj
 0003:00001460       ?subThread@?1??toolInformationProc@@YGHPAUHWND__@@IIJ@Z@4PAXA 00438460     info.obj
 0004:00000220       $R000000                   00439220     0.res
 0004:000002a8       $R000088                   004392a8     0.res
 0004:00000410       $R0001F0                   00439410     0.res
 0004:00000558       $R000338                   00439558     0.res
 0004:00000600       $R0003E0                   00439600     0.res
 0004:00002ba8       $R002988                   0043bba8     0.res
 0004:00003c50       $R003A30                   0043cc50     0.res
 0004:000040b8       $R003E98                   0043d0b8     0.res
 0004:000040e8       $R003EC8                   0043d0e8     0.res

 Exports

  ordinal    name

